113.54.252.242 - - [24/Feb/2017:21:36:12 +0800] "GET /admin/auth/user/18/change/ HTTP/1.1" 200 3917 "http://182.92.209.117:2168/admin/auth/user/" "Mozilla/5.0 (Windows NT 10.0; WOW64) AppleWebKit/537.36 (KHTML, like Gecko) Chrome/56.0.2924.87 Safari/537.36"
113.54.252.242 - - [24/Feb/2017:21:36:12 +0800] "GET /admin/jsi18n/ HTTP/1.1" 200 7157 "http://182.92.209.117:2168/admin/auth/user/18/change/" "Mozilla/5.0 (Windows NT 10.0; WOW64) AppleWebKit/537.36 (KHTML, like Gecko) Chrome/56.0.2924.87 Safari/537.36"
113.54.252.242 - - [24/Feb/2017:21:36:14 +0800] "GET /admin/auth/user/18/password/ HTTP/1.1" 200 1299 "http://182.92.209.117:2168/admin/auth/user/18/change/" "Mozilla/5.0 (Windows NT 10.0; WOW64) AppleWebKit/537.36 (KHTML, like Gecko) Chrome/56.0.2924.87 Safari/537.36"
113.54.252.242 - - [24/Feb/2017:21:36:14 +0800] "GET /admin/jsi18n/ HTTP/1.1" 200 7157 "http://182.92.209.117:2168/admin/auth/user/18/password/" "Mozilla/5.0 (Windows NT 10.0; WOW64) AppleWebKit/537.36 (KHTML, like Gecko) Chrome/56.0.2924.87 Safari/537.36"
112.65.193.15 - - [24/Feb/2017:21:36:22 +0800] "GET /admin/auth/user/18/change HTTP/1.1" 301 5 "http://182.92.209.117:2168/admin/auth/user/" "Mozilla/5.0 (Windows NT 6.1; WOW64) AppleWebKit/537.36 (KHTML, like Gecko) Chrome/53.0.2785.104 Safari/537.36 Core/1.53.2141.400 QQBrowser/9.5.10219.400"
112.65.193.15 - - [24/Feb/2017:21:36:22 +0800] "GET /admin/auth/user/18/change/ HTTP/1.1" 302 5 "http://182.92.209.117:2168/admin/auth/user/18/change" "Mozilla/5.0 (Windows NT 6.1; WOW64) AppleWebKit/537.36 (KHTML, like Gecko) Chrome/53.0.2785.104 Safari/537.36 Core/1.53.2141.400 QQBrowser/9.5.10219.400"
112.65.193.15 - - [24/Feb/2017:21:36:22 +0800] "GET /admin/login/?next=/admin/auth/user/18/change/ HTTP/1.1" 200 832 "http://182.92.209.117:2168/admin/auth/user/18/change/" "Mozilla/5.0 (Windows NT 6.1; WOW64) AppleWebKit/537.36 (KHTML, like Gecko) Chrome/53.0.2785.104 Safari/537.36 Core/1.53.2141.400 QQBrowser/9.5.10219.400"
101.226.33.220 - - [24/Feb/2017:21:36:24 +0800] "GET /admin/auth/user/18/password HTTP/1.1" 301 5 "http://182.92.209.117:2168/admin/auth/user/18/change/" "Mozilla/5.0 (Windows NT 6.1; WOW64; rv:50.0) Gecko/20100101 Firefox/50.0"
180.163.2.117 - - [24/Feb/2017:21:36:24 +0800] "GET /admin/auth/user/18/password HTTP/1.1" 301 5 "http://182.92.209.117:2168/admin/auth/user/18/change/" "Mozilla/5.0 (Windows NT 6.1; WOW64; Trident/7.0; SLCC2; .NET CLR 2.0.50727; .NET CLR 3.5.30729; .NET CLR 3.0.30729; Media Center PC 6.0; .NET4.0C; .NET4.0E; InfoPath.3; rv:11.0) like Gecko"
101.226.65.107 - - [24/Feb/2017:21:36:24 +0800] "GET /admin/auth/user/18/password HTTP/1.1" 301 5 "http://182.92.209.117:2168/admin/auth/user/18/change/" "Mozilla/5.0 (Windows NT 6.1; WOW64) AppleWebKit/537.36 (KHTML, like Gecko) Chrome/56.0.2924.87 Safari/537.36"
101.226.66.174 - - [24/Feb/2017:21:36:24 +0800] "GET /admin/auth/user/18/password HTTP/1.1" 301 5 "http://182.92.209.117:2168/admin/auth/user/18/change/" "Mozilla/5.0 (Windows NT 6.1; WOW64) AppleWebKit/537.36 (KHTML, like Gecko) Chrome/43.0.2357.124 Safari/537.36"
180.163.2.117 - - [24/Feb/2017:21:36:24 +0800] "GET /admin/auth/user/18/password/ HTTP/1.1" 302 5 "http://182.92.209.117:2168/admin/auth/user/18/password" "Mozilla/5.0 (Windows NT 6.1; WOW64; Trident/7.0; SLCC2; .NET CLR 2.0.50727; .NET CLR 3.5.30729; .NET CLR 3.0.30729; Media Center PC 6.0; .NET4.0C; .NET4.0E; InfoPath.3; rv:11.0) like Gecko"
101.226.65.107 - - [24/Feb/2017:21:36:24 +0800] "GET /admin/auth/user/18/password/ HTTP/1.1" 302 5 "http://182.92.209.117:2168/admin/auth/user/18/password" "Mozilla/5.0 (Windows NT 6.1; WOW64) AppleWebKit/537.36 (KHTML, like Gecko) Chrome/56.0.2924.87 Safari/537.36"
101.226.66.174 - - [24/Feb/2017:21:36:24 +0800] "GET /admin/auth/user/18/password/ HTTP/1.1" 302 5 "http://182.92.209.117:2168/admin/auth/user/18/password" "Mozilla/5.0 (Windows NT 6.1; WOW64) AppleWebKit/537.36 (KHTML, like Gecko) Chrome/43.0.2357.124 Safari/537.36"
101.226.33.220 - - [24/Feb/2017:21:36:24 +0800] "GET /admin/auth/user/18/password/ HTTP/1.1" 302 5 "http://182.92.209.117:2168/admin/auth/user/18/password" "Mozilla/5.0 (Windows NT 6.1; WOW64; rv:50.0) Gecko/20100101 Firefox/50.0"
101.226.65.107 - - [24/Feb/2017:21:36:24 +0800] "GET /admin/login/?next=/admin/auth/user/18/password/ HTTP/1.1" 200 828 "http://182.92.209.117:2168/admin/auth/user/18/password/" "Mozilla/5.0 (Windows NT 6.1; WOW64) AppleWebKit/537.36 (KHTML, like Gecko) Chrome/56.0.2924.87 Safari/537.36"
101.226.66.174 - - [24/Feb/2017:21:36:24 +0800] "GET /admin/login/?next=/admin/auth/user/18/password/ HTTP/1.1" 200 831 "http://182.92.209.117:2168/admin/auth/user/18/password/" "Mozilla/5.0 (Windows NT 6.1; WOW64) AppleWebKit/537.36 (KHTML, like Gecko) Chrome/43.0.2357.124 Safari/537.36"
101.226.33.220 - - [24/Feb/2017:21:36:24 +0800] "GET /admin/login/?next=/admin/auth/user/18/password/ HTTP/1.1" 200 827 "http://182.92.209.117:2168/admin/auth/user/18/password/" "Mozilla/5.0 (Windows NT 6.1; WOW64; rv:50.0) Gecko/20100101 Firefox/50.0"
180.163.2.117 - - [24/Feb/2017:21:36:24 +0800] "GET /admin/login/?next=/admin/auth/user/18/password/ HTTP/1.1" 200 827 "http://182.92.209.117:2168/admin/auth/user/18/password/" "Mozilla/5.0 (Windows NT 6.1; WOW64; Trident/7.0; SLCC2; .NET CLR 2.0.50727; .NET CLR 3.5.30729; .NET CLR 3.0.30729; Media Center PC 6.0; .NET4.0C; .NET4.0E; InfoPath.3; rv:11.0) like Gecko"
113.54.252.242 - - [24/Feb/2017:21:36:26 +0800] "POST /admin/auth/user/18/password/ HTTP/1.1" 302 5 "http://182.92.209.117:2168/admin/auth/user/18/password/" "Mozilla/5.0 (Windows NT 10.0; WOW64) AppleWebKit/537.36 (KHTML, like Gecko) Chrome/56.0.2924.87 Safari/537.36"
113.54.252.242 - - [24/Feb/2017:21:36:26 +0800] "GET /admin/auth/user/18/change/ HTTP/1.1" 200 4030 "http://182.92.209.117:2168/admin/auth/user/18/password/" "Mozilla/5.0 (Windows NT 10.0; WOW64) AppleWebKit/537.36 (KHTML, like Gecko) Chrome/56.0.2924.87 Safari/537.36"
113.54.252.242 - - [24/Feb/2017:21:36:27 +0800] "GET /admin/jsi18n/ HTTP/1.1" 200 7157 "http://182.92.209.117:2168/admin/auth/user/18/change/" "Mozilla/5.0 (Windows NT 10.0; WOW64) AppleWebKit/537.36 (KHTML, like Gecko) Chrome/56.0.2924.87 Safari/537.36"
113.54.252.242 - - [24/Feb/2017:21:36:29 +0800] "GET /admin/auth/user/ HTTP/1.1" 200 2697 "http://182.92.209.117:2168/admin/auth/user/18/change/" "Mozilla/5.0 (Windows NT 10.0; WOW64) AppleWebKit/537.36 (KHTML, like Gecko) Chrome/56.0.2924.87 Safari/537.36"
113.54.252.242 - - [24/Feb/2017:21:36:29 +0800] "GET /admin/jsi18n/ HTTP/1.1" 200 7157 "http://182.92.209.117:2168/admin/auth/user/" "Mozilla/5.0 (Windows NT 10.0; WOW64) AppleWebKit/537.36 (KHTML, like Gecko) Chrome/56.0.2924.87 Safari/537.36"
113.54.252.242 - - [24/Feb/2017:21:36:32 +0800] "GET /admin/auth/user/12/change/ HTTP/1.1" 200 3970 "http://182.92.209.117:2168/admin/auth/user/" "Mozilla/5.0 (Windows NT 10.0; WOW64) AppleWebKit/537.36 (KHTML, like Gecko) Chrome/56.0.2924.87 Safari/537.36"
113.54.252.242 - - [24/Feb/2017:21:36:32 +0800] "GET /admin/jsi18n/ HTTP/1.1" 200 7157 "http://182.92.209.117:2168/admin/auth/user/12/change/" "Mozilla/5.0 (Windows NT 10.0; WOW64) AppleWebKit/537.36 (KHTML, like Gecko) Chrome/56.0.2924.87 Safari/537.36"
113.54.252.242 - - [24/Feb/2017:21:36:41 +0800] "GET /admin/auth/user/12/password/ HTTP/1.1" 200 1305 "http://182.92.209.117:2168/admin/auth/user/12/change/" "Mozilla/5.0 (Windows NT 10.0; WOW64) AppleWebKit/537.36 (KHTML, like Gecko) Chrome/56.0.2924.87 Safari/537.36"
113.54.252.242 - - [24/Feb/2017:21:36:41 +0800] "GET /admin/jsi18n/ HTTP/1.1" 200 7157 "http://182.92.209.117:2168/admin/auth/user/12/password/" "Mozilla/5.0 (Windows NT 10.0; WOW64) AppleWebKit/537.36 (KHTML, like Gecko) Chrome/56.0.2924.87 Safari/537.36"
113.54.252.242 - - [24/Feb/2017:21:36:50 +0800] "POST /admin/auth/user/12/password/ HTTP/1.1" 302 5 "http://182.92.209.117:2168/admin/auth/user/12/password/" "Mozilla/5.0 (Windows NT 10.0; WOW64) AppleWebKit/537.36 (KHTML, like Gecko) Chrome/56.0.2924.87 Safari/537.36"
113.54.252.242 - - [24/Feb/2017:21:36:51 +0800] "GET /admin/auth/user/12/change/ HTTP/1.1" 200 4033 "http://182.92.209.117:2168/admin/auth/user/12/password/" "Mozilla/5.0 (Windows NT 10.0; WOW64) AppleWebKit/537.36 (KHTML, like Gecko) Chrome/56.0.2924.87 Safari/537.36"
113.54.252.242 - - [24/Feb/2017:21:36:51 +0800] "GET /admin/jsi18n/ HTTP/1.1" 200 7157 "http://182.92.209.117:2168/admin/auth/user/12/change/" "Mozilla/5.0 (Windows NT 10.0; WOW64) AppleWebKit/537.36 (KHTML, like Gecko) Chrome/56.0.2924.87 Safari/537.36"
113.54.252.242 - - [24/Feb/2017:21:36:54 +0800] "GET /admin/auth/user/ HTTP/1.1" 200 2697 "http://182.92.209.117:2168/admin/auth/user/12/change/" "Mozilla/5.0 (Windows NT 10.0; WOW64) AppleWebKit/537.36 (KHTML, like Gecko) Chrome/56.0.2924.87 Safari/537.36"
113.54.252.242 - - [24/Feb/2017:21:36:54 +0800] "GET /admin/jsi18n/ HTTP/1.1" 200 7157 "http://182.92.209.117:2168/admin/auth/user/" "Mozilla/5.0 (Windows NT 10.0; WOW64) AppleWebKit/537.36 (KHTML, like Gecko) Chrome/56.0.2924.87 Safari/537.36"
113.54.252.242 - - [24/Feb/2017:21:36:57 +0800] "GET /admin/auth/user/20/change/ HTTP/1.1" 200 3926 "http://182.92.209.117:2168/admin/auth/user/" "Mozilla/5.0 (Windows NT 10.0; WOW64) AppleWebKit/537.36 (KHTML, like Gecko) Chrome/56.0.2924.87 Safari/537.36"
113.54.252.242 - - [24/Feb/2017:21:36:57 +0800] "GET /admin/jsi18n/ HTTP/1.1" 200 7157 "http://182.92.209.117:2168/admin/auth/user/20/change/" "Mozilla/5.0 (Windows NT 10.0; WOW64) AppleWebKit/537.36 (KHTML, like Gecko) Chrome/56.0.2924.87 Safari/537.36"
113.54.252.242 - - [24/Feb/2017:21:37:00 +0800] "GET /admin/auth/user/20/password/ HTTP/1.1" 200 1312 "http://182.92.209.117:2168/admin/auth/user/20/change/" "Mozilla/5.0 (Windows NT 10.0; WOW64) AppleWebKit/537.36 (KHTML, like Gecko) Chrome/56.0.2924.87 Safari/537.36"
113.54.252.242 - - [24/Feb/2017:21:37:00 +0800] "GET /admin/jsi18n/ HTTP/1.1" 200 7157 "http://182.92.209.117:2168/admin/auth/user/20/password/" "Mozilla/5.0 (Windows NT 10.0; WOW64) AppleWebKit/537.36 (KHTML, like Gecko) Chrome/56.0.2924.87 Safari/537.36"
61.151.218.118 - - [24/Feb/2017:21:37:07 +0800] "GET /admin/auth/user/20/change HTTP/1.1" 301 5 "http://182.92.209.117:2168/admin/auth/user/" "Mozilla/5.0 (Windows NT 6.1; WOW64) AppleWebKit/537.36 (KHTML, like Gecko) Chrome/56.0.2924.87 Safari/537.36"
61.151.218.118 - - [24/Feb/2017:21:37:07 +0800] "GET /admin/auth/user/20/change/ HTTP/1.1" 302 5 "http://182.92.209.117:2168/admin/auth/user/20/change" "Mozilla/5.0 (Windows NT 6.1; WOW64) AppleWebKit/537.36 (KHTML, like Gecko) Chrome/56.0.2924.87 Safari/537.36"
61.151.218.118 - - [24/Feb/2017:21:37:07 +0800] "GET /admin/login/?next=/admin/auth/user/20/change/ HTTP/1.1" 200 831 "http://182.92.209.117:2168/admin/auth/user/20/change/" "Mozilla/5.0 (Windows NT 6.1; WOW64) AppleWebKit/537.36 (KHTML, like Gecko) Chrome/56.0.2924.87 Safari/537.36"
113.54.252.242 - - [24/Feb/2017:21:37:09 +0800] "POST /admin/auth/user/20/password/ HTTP/1.1" 302 5 "http://182.92.209.117:2168/admin/auth/user/20/password/" "Mozilla/5.0 (Windows NT 10.0; WOW64) AppleWebKit/537.36 (KHTML, like Gecko) Chrome/56.0.2924.87 Safari/537.36"
113.54.252.242 - - [24/Feb/2017:21:37:09 +0800] "GET /admin/auth/user/20/change/ HTTP/1.1" 200 4038 "http://182.92.209.117:2168/admin/auth/user/20/password/" "Mozilla/5.0 (Windows NT 10.0; WOW64) AppleWebKit/537.36 (KHTML, like Gecko) Chrome/56.0.2924.87 Safari/537.36"
113.54.252.242 - - [24/Feb/2017:21:37:09 +0800] "GET /admin/jsi18n/ HTTP/1.1" 200 7157 "http://182.92.209.117:2168/admin/auth/user/20/change/" "Mozilla/5.0 (Windows NT 10.0; WOW64) AppleWebKit/537.36 (KHTML, like Gecko) Chrome/56.0.2924.87 Safari/537.36"
180.153.214.198 - - [24/Feb/2017:21:37:10 +0800] "GET /admin/auth/user/20/password HTTP/1.1" 301 5 "http://182.92.209.117:2168/admin/auth/user/20/change/" "Mozilla/5.0 (Windows NT 6.1; WOW64) AppleWebKit/537.36 (KHTML, like Gecko) Chrome/56.0.2924.87 Safari/537.36"
180.153.214.198 - - [24/Feb/2017:21:37:10 +0800] "GET /admin/auth/user/20/password/ HTTP/1.1" 302 5 "http://182.92.209.117:2168/admin/auth/user/20/password" "Mozilla/5.0 (Windows NT 6.1; WOW64) AppleWebKit/537.36 (KHTML, like Gecko) Chrome/56.0.2924.87 Safari/537.36"
180.153.214.198 - - [24/Feb/2017:21:37:10 +0800] "GET /admin/login/?next=/admin/auth/user/20/password/ HTTP/1.1" 200 829 "http://182.92.209.117:2168/admin/auth/user/20/password/" "Mozilla/5.0 (Windows NT 6.1; WOW64) AppleWebKit/537.36 (KHTML, like Gecko) Chrome/56.0.2924.87 Safari/537.36"
113.54.252.242 - - [24/Feb/2017:21:37:11 +0800] "GET /admin/auth/user/ HTTP/1.1" 200 2697 "http://182.92.209.117:2168/admin/auth/user/20/change/" "Mozilla/5.0 (Windows NT 10.0; WOW64) AppleWebKit/537.36 (KHTML, like Gecko) Chrome/56.0.2924.87 Safari/537.36"
113.54.252.242 - - [24/Feb/2017:21:37:11 +0800] "GET /admin/jsi18n/ HTTP/1.1" 200 7157 "http://182.92.209.117:2168/admin/auth/user/" "Mozilla/5.0 (Windows NT 10.0; WOW64) AppleWebKit/537.36 (KHTML, like Gecko) Chrome/56.0.2924.87 Safari/537.36"
113.54.252.242 - - [24/Feb/2017:21:37:14 +0800] "GET /admin/auth/user/16/change/ HTTP/1.1" 200 3915 "http://182.92.209.117:2168/admin/auth/user/" "Mozilla/5.0 (Windows NT 10.0; WOW64) AppleWebKit/537.36 (KHTML, like Gecko) Chrome/56.0.2924.87 Safari/537.36"
113.54.252.242 - - [24/Feb/2017:21:37:14 +0800] "GET /admin/jsi18n/ HTTP/1.1" 200 7157 "http://182.92.209.117:2168/admin/auth/user/16/change/" "Mozilla/5.0 (Windows NT 10.0; WOW64) AppleWebKit/537.36 (KHTML, like Gecko) Chrome/56.0.2924.87 Safari/537.36"
113.54.252.242 - - [24/Feb/2017:21:37:16 +0800] "GET /admin/auth/user/16/password/ HTTP/1.1" 200 1300 "http://182.92.209.117:2168/admin/auth/user/16/change/" "Mozilla/5.0 (Windows NT 10.0; WOW64) AppleWebKit/537.36 (KHTML, like Gecko) Chrome/56.0.2924.87 Safari/537.36"
113.54.252.242 - - [24/Feb/2017:21:37:16 +0800] "GET /admin/jsi18n/ HTTP/1.1" 200 7157 "http://182.92.209.117:2168/admin/auth/user/16/password/" "Mozilla/5.0 (Windows NT 10.0; WOW64) AppleWebKit/537.36 (KHTML, like Gecko) Chrome/56.0.2924.87 Safari/537.36"
112.65.193.13 - - [24/Feb/2017:21:37:24 +0800] "GET /admin/auth/user/16/change HTTP/1.1" 301 5 "http://182.92.209.117:2168/admin/auth/user/" "Mozilla/5.0 (Windows NT 6.1; WOW64; Trident/7.0; SLCC2; .NET CLR 2.0.50727; .NET CLR 3.5.30729; .NET CLR 3.0.30729; Media Center PC 6.0; .NET4.0C; .NET4.0E; InfoPath.3; rv:11.0) like Gecko"
112.65.193.13 - - [24/Feb/2017:21:37:24 +0800] "GET /admin/auth/user/16/change/ HTTP/1.1" 302 5 "http://182.92.209.117:2168/admin/auth/user/16/change" "Mozilla/5.0 (Windows NT 6.1; WOW64; Trident/7.0; SLCC2; .NET CLR 2.0.50727; .NET CLR 3.5.30729; .NET CLR 3.0.30729; Media Center PC 6.0; .NET4.0C; .NET4.0E; InfoPath.3; rv:11.0) like Gecko"
112.65.193.13 - - [24/Feb/2017:21:37:24 +0800] "GET /admin/login/?next=/admin/auth/user/16/change/ HTTP/1.1" 200 830 "http://182.92.209.117:2168/admin/auth/user/16/change/" "Mozilla/5.0 (Windows NT 6.1; WOW64; Trident/7.0; SLCC2; .NET CLR 2.0.50727; .NET CLR 3.5.30729; .NET CLR 3.0.30729; Media Center PC 6.0; .NET4.0C; .NET4.0E; InfoPath.3; rv:11.0) like Gecko"
113.54.252.242 - - [24/Feb/2017:21:37:26 +0800] "POST /admin/auth/user/16/password/ HTTP/1.1" 302 5 "http://182.92.209.117:2168/admin/auth/user/16/password/" "Mozilla/5.0 (Windows NT 10.0; WOW64) AppleWebKit/537.36 (KHTML, like Gecko) Chrome/56.0.2924.87 Safari/537.36"
101.226.33.202 - - [24/Feb/2017:21:37:26 +0800] "GET /admin/auth/user/16/password HTTP/1.1" 301 5 "http://182.92.209.117:2168/admin/auth/user/16/change/" "Mozilla/5.0 (Windows NT 6.1; WOW64; rv:50.0) Gecko/20100101 Firefox/50.0"
101.226.33.202 - - [24/Feb/2017:21:37:26 +0800] "GET /admin/auth/user/16/password/ HTTP/1.1" 302 5 "http://182.92.209.117:2168/admin/auth/user/16/password" "Mozilla/5.0 (Windows NT 6.1; WOW64; rv:50.0) Gecko/20100101 Firefox/50.0"
113.54.252.242 - - [24/Feb/2017:21:37:26 +0800] "GET /admin/auth/user/16/change/ HTTP/1.1" 200 4030 "http://182.92.209.117:2168/admin/auth/user/16/password/" "Mozilla/5.0 (Windows NT 10.0; WOW64) AppleWebKit/537.36 (KHTML, like Gecko) Chrome/56.0.2924.87 Safari/537.36"
101.226.33.202 - - [24/Feb/2017:21:37:26 +0800] "GET /admin/login/?next=/admin/auth/user/16/password/ HTTP/1.1" 200 831 "http://182.92.209.117:2168/admin/auth/user/16/password/" "Mozilla/5.0 (Windows NT 6.1; WOW64; rv:50.0) Gecko/20100101 Firefox/50.0"
113.54.252.242 - - [24/Feb/2017:21:37:26 +0800] "GET /admin/jsi18n/ HTTP/1.1" 200 7157 "http://182.92.209.117:2168/admin/auth/user/16/change/" "Mozilla/5.0 (Windows NT 10.0; WOW64) AppleWebKit/537.36 (KHTML, like Gecko) Chrome/56.0.2924.87 Safari/537.36"
113.54.252.242 - - [24/Feb/2017:21:37:28 +0800] "GET /admin/auth/user/ HTTP/1.1" 200 2697 "http://182.92.209.117:2168/admin/auth/user/16/change/" "Mozilla/5.0 (Windows NT 10.0; WOW64) AppleWebKit/537.36 (KHTML, like Gecko) Chrome/56.0.2924.87 Safari/537.36"
113.54.252.242 - - [24/Feb/2017:21:37:28 +0800] "GET /admin/jsi18n/ HTTP/1.1" 200 7157 "http://182.92.209.117:2168/admin/auth/user/" "Mozilla/5.0 (Windows NT 10.0; WOW64) AppleWebKit/537.36 (KHTML, like Gecko) Chrome/56.0.2924.87 Safari/537.36"
113.54.252.242 - - [24/Feb/2017:21:37:31 +0800] "GET /admin/auth/user/15/change/ HTTP/1.1" 200 3916 "http://182.92.209.117:2168/admin/auth/user/" "Mozilla/5.0 (Windows NT 10.0; WOW64) AppleWebKit/537.36 (KHTML, like Gecko) Chrome/56.0.2924.87 Safari/537.36"
113.54.252.242 - - [24/Feb/2017:21:37:31 +0800] "GET /admin/jsi18n/ HTTP/1.1" 200 7157 "http://182.92.209.117:2168/admin/auth/user/15/change/" "Mozilla/5.0 (Windows NT 10.0; WOW64) AppleWebKit/537.36 (KHTML, like Gecko) Chrome/56.0.2924.87 Safari/537.36"
113.54.252.242 - - [24/Feb/2017:21:37:33 +0800] "GET /admin/auth/user/15/password/ HTTP/1.1" 200 1300 "http://182.92.209.117:2168/admin/auth/user/15/change/" "Mozilla/5.0 (Windows NT 10.0; WOW64) AppleWebKit/537.36 (KHTML, like Gecko) Chrome/56.0.2924.87 Safari/537.36"
113.54.252.242 - - [24/Feb/2017:21:37:33 +0800] "GET /admin/jsi18n/ HTTP/1.1" 200 7157 "http://182.92.209.117:2168/admin/auth/user/15/password/" "Mozilla/5.0 (Windows NT 10.0; WOW64) AppleWebKit/537.36 (KHTML, like Gecko) Chrome/56.0.2924.87 Safari/537.36"
117.185.27.115 - - [24/Feb/2017:21:37:41 +0800] "GET /admin/auth/user/15/change HTTP/1.1" 301 5 "http://182.92.209.117:2168/admin/auth/user/" "Mozilla/5.0 (Windows NT 6.1; WOW64) AppleWebKit/537.36 (KHTML, like Gecko) Chrome/43.0.2357.124 Safari/537.36"
117.185.27.115 - - [24/Feb/2017:21:37:41 +0800] "GET /admin/auth/user/15/change/ HTTP/1.1" 302 5 "http://182.92.209.117:2168/admin/auth/user/15/change" "Mozilla/5.0 (Windows NT 6.1; WOW64) AppleWebKit/537.36 (KHTML, like Gecko) Chrome/43.0.2357.124 Safari/537.36"
117.185.27.115 - - [24/Feb/2017:21:37:41 +0800] "GET /admin/login/?next=/admin/auth/user/15/change/ HTTP/1.1" 200 832 "http://182.92.209.117:2168/admin/auth/user/15/change/" "Mozilla/5.0 (Windows NT 6.1; WOW64) AppleWebKit/537.36 (KHTML, like Gecko) Chrome/43.0.2357.124 Safari/537.36"
113.54.252.242 - - [24/Feb/2017:21:37:42 +0800] "POST /admin/auth/user/15/password/ HTTP/1.1" 302 5 "http://182.92.209.117:2168/admin/auth/user/15/password/" "Mozilla/5.0 (Windows NT 10.0; WOW64) AppleWebKit/537.36 (KHTML, like Gecko) Chrome/56.0.2924.87 Safari/537.36"
113.54.252.242 - - [24/Feb/2017:21:37:43 +0800] "GET /admin/auth/user/15/change/ HTTP/1.1" 200 4030 "http://182.92.209.117:2168/admin/auth/user/15/password/" "Mozilla/5.0 (Windows NT 10.0; WOW64) AppleWebKit/537.36 (KHTML, like Gecko) Chrome/56.0.2924.87 Safari/537.36"
101.226.33.205 - - [24/Feb/2017:21:37:43 +0800] "GET /admin/auth/user/15/password HTTP/1.1" 301 5 "http://182.92.209.117:2168/admin/auth/user/15/change/" "Mozilla/5.0 (Windows NT 6.1; WOW64) AppleWebKit/537.36 (KHTML, like Gecko) Chrome/43.0.2357.124 Safari/537.36"
113.54.252.242 - - [24/Feb/2017:21:37:43 +0800] "GET /admin/jsi18n/ HTTP/1.1" 200 7157 "http://182.92.209.117:2168/admin/auth/user/15/change/" "Mozilla/5.0 (Windows NT 10.0; WOW64) AppleWebKit/537.36 (KHTML, like Gecko) Chrome/56.0.2924.87 Safari/537.36"
101.226.33.205 - - [24/Feb/2017:21:37:43 +0800] "GET /admin/auth/user/15/password/ HTTP/1.1" 302 5 "http://182.92.209.117:2168/admin/auth/user/15/password" "Mozilla/5.0 (Windows NT 6.1; WOW64) AppleWebKit/537.36 (KHTML, like Gecko) Chrome/43.0.2357.124 Safari/537.36"
101.226.33.205 - - [24/Feb/2017:21:37:43 +0800] "GET /admin/login/?next=/admin/auth/user/15/password/ HTTP/1.1" 200 830 "http://182.92.209.117:2168/admin/auth/user/15/password/" "Mozilla/5.0 (Windows NT 6.1; WOW64) AppleWebKit/537.36 (KHTML, like Gecko) Chrome/43.0.2357.124 Safari/537.36"
113.54.252.242 - - [24/Feb/2017:21:37:45 +0800] "GET /admin/auth/user/ HTTP/1.1" 200 2697 "http://182.92.209.117:2168/admin/auth/user/15/change/" "Mozilla/5.0 (Windows NT 10.0; WOW64) AppleWebKit/537.36 (KHTML, like Gecko) Chrome/56.0.2924.87 Safari/537.36"
113.54.252.242 - - [24/Feb/2017:21:37:45 +0800] "GET /admin/jsi18n/ HTTP/1.1" 200 7157 "http://182.92.209.117:2168/admin/auth/user/" "Mozilla/5.0 (Windows NT 10.0; WOW64) AppleWebKit/537.36 (KHTML, like Gecko) Chrome/56.0.2924.87 Safari/537.36"
113.54.252.242 - - [24/Feb/2017:21:37:49 +0800] "GET /admin/auth/user/22/change/ HTTP/1.1" 200 3917 "http://182.92.209.117:2168/admin/auth/user/" "Mozilla/5.0 (Windows NT 10.0; WOW64) AppleWebKit/537.36 (KHTML, like Gecko) Chrome/56.0.2924.87 Safari/537.36"
113.54.252.242 - - [24/Feb/2017:21:37:49 +0800] "GET /admin/jsi18n/ HTTP/1.1" 200 7157 "http://182.92.209.117:2168/admin/auth/user/22/change/" "Mozilla/5.0 (Windows NT 10.0; WOW64) AppleWebKit/537.36 (KHTML, like Gecko) Chrome/56.0.2924.87 Safari/537.36"
113.54.252.242 - - [24/Feb/2017:21:37:51 +0800] "GET /admin/auth/user/22/password/ HTTP/1.1" 200 1302 "http://182.92.209.117:2168/admin/auth/user/22/change/" "Mozilla/5.0 (Windows NT 10.0; WOW64) AppleWebKit/537.36 (KHTML, like Gecko) Chrome/56.0.2924.87 Safari/537.36"
113.54.252.242 - - [24/Feb/2017:21:37:51 +0800] "GET /admin/jsi18n/ HTTP/1.1" 200 7157 "http://182.92.209.117:2168/admin/auth/user/22/password/" "Mozilla/5.0 (Windows NT 10.0; WOW64) AppleWebKit/537.36 (KHTML, like Gecko) Chrome/56.0.2924.87 Safari/537.36"
101.226.33.218 - - [24/Feb/2017:21:37:59 +0800] "GET /admin/auth/user/22/change HTTP/1.1" 301 5 "http://182.92.209.117:2168/admin/auth/user/" "Mozilla/5.0 (Windows NT 6.1; WOW64) AppleWebKit/537.36 (KHTML, like Gecko) Chrome/56.0.2924.87 Safari/537.36"
101.226.33.218 - - [24/Feb/2017:21:37:59 +0800] "GET /admin/auth/user/22/change/ HTTP/1.1" 302 5 "http://182.92.209.117:2168/admin/auth/user/22/change" "Mozilla/5.0 (Windows NT 6.1; WOW64) AppleWebKit/537.36 (KHTML, like Gecko) Chrome/56.0.2924.87 Safari/537.36"
101.226.33.218 - - [24/Feb/2017:21:37:59 +0800] "GET /admin/login/?next=/admin/auth/user/22/change/ HTTP/1.1" 200 827 "http://182.92.209.117:2168/admin/auth/user/22/change/" "Mozilla/5.0 (Windows NT 6.1; WOW64) AppleWebKit/537.36 (KHTML, like Gecko) Chrome/56.0.2924.87 Safari/537.36"
113.54.252.242 - - [24/Feb/2017:21:38:00 +0800] "POST /admin/auth/user/22/password/ HTTP/1.1" 302 5 "http://182.92.209.117:2168/admin/auth/user/22/password/" "Mozilla/5.0 (Windows NT 10.0; WOW64) AppleWebKit/537.36 (KHTML, like Gecko) Chrome/56.0.2924.87 Safari/537.36"
113.54.252.242 - - [24/Feb/2017:21:38:01 +0800] "GET /admin/auth/user/22/change/ HTTP/1.1" 200 4028 "http://182.92.209.117:2168/admin/auth/user/22/password/" "Mozilla/5.0 (Windows NT 10.0; WOW64) AppleWebKit/537.36 (KHTML, like Gecko) Chrome/56.0.2924.87 Safari/537.36"
180.153.163.190 - - [24/Feb/2017:21:38:01 +0800] "GET /admin/auth/user/22/password HTTP/1.1" 301 5 "http://182.92.209.117:2168/admin/auth/user/22/change/" "Mozilla/5.0 (Windows NT 6.1; WOW64; Trident/7.0; SLCC2; .NET CLR 2.0.50727; .NET CLR 3.5.30729; .NET CLR 3.0.30729; Media Center PC 6.0; .NET4.0C; .NET4.0E; InfoPath.3; rv:11.0) like Gecko"
180.153.163.190 - - [24/Feb/2017:21:38:01 +0800] "GET /admin/auth/user/22/password/ HTTP/1.1" 302 5 "http://182.92.209.117:2168/admin/auth/user/22/password" "Mozilla/5.0 (Windows NT 6.1; WOW64; Trident/7.0; SLCC2; .NET CLR 2.0.50727; .NET CLR 3.5.30729; .NET CLR 3.0.30729; Media Center PC 6.0; .NET4.0C; .NET4.0E; InfoPath.3; rv:11.0) like Gecko"
113.54.252.242 - - [24/Feb/2017:21:38:01 +0800] "GET /admin/jsi18n/ HTTP/1.1" 200 7157 "http://182.92.209.117:2168/admin/auth/user/22/change/" "Mozilla/5.0 (Windows NT 10.0; WOW64) AppleWebKit/537.36 (KHTML, like Gecko) Chrome/56.0.2924.87 Safari/537.36"
180.153.163.190 - - [24/Feb/2017:21:38:01 +0800] "GET /admin/login/?next=/admin/auth/user/22/password/ HTTP/1.1" 200 827 "http://182.92.209.117:2168/admin/auth/user/22/password/" "Mozilla/5.0 (Windows NT 6.1; WOW64; Trident/7.0; SLCC2; .NET CLR 2.0.50727; .NET CLR 3.5.30729; .NET CLR 3.0.30729; Media Center PC 6.0; .NET4.0C; .NET4.0E; InfoPath.3; rv:11.0) like Gecko"
113.54.252.242 - - [24/Feb/2017:21:38:02 +0800] "GET /admin/auth/user/ HTTP/1.1" 200 2697 "http://182.92.209.117:2168/admin/auth/user/22/change/" "Mozilla/5.0 (Windows NT 10.0; WOW64) AppleWebKit/537.36 (KHTML, like Gecko) Chrome/56.0.2924.87 Safari/537.36"
113.54.252.242 - - [24/Feb/2017:21:38:02 +0800] "GET /admin/jsi18n/ HTTP/1.1" 200 7157 "http://182.92.209.117:2168/admin/auth/user/" "Mozilla/5.0 (Windows NT 10.0; WOW64) AppleWebKit/537.36 (KHTML, like Gecko) Chrome/56.0.2924.87 Safari/537.36"
113.54.252.242 - - [24/Feb/2017:21:38:06 +0800] "GET /admin/auth/user/17/change/ HTTP/1.1" 200 3916 "http://182.92.209.117:2168/admin/auth/user/" "Mozilla/5.0 (Windows NT 10.0; WOW64) AppleWebKit/537.36 (KHTML, like Gecko) Chrome/56.0.2924.87 Safari/537.36"
113.54.252.242 - - [24/Feb/2017:21:38:06 +0800] "GET /admin/jsi18n/ HTTP/1.1" 200 7157 "http://182.92.209.117:2168/admin/auth/user/17/change/" "Mozilla/5.0 (Windows NT 10.0; WOW64) AppleWebKit/537.36 (KHTML, like Gecko) Chrome/56.0.2924.87 Safari/537.36"
113.54.252.242 - - [24/Feb/2017:21:38:08 +0800] "GET /admin/auth/user/17/password/ HTTP/1.1" 200 1301 "http://182.92.209.117:2168/admin/auth/user/17/change/" "Mozilla/5.0 (Windows NT 10.0; WOW64) AppleWebKit/537.36 (KHTML, like Gecko) Chrome/56.0.2924.87 Safari/537.36"
113.54.252.242 - - [24/Feb/2017:21:38:08 +0800] "GET /admin/jsi18n/ HTTP/1.1" 200 7157 "http://182.92.209.117:2168/admin/auth/user/17/password/" "Mozilla/5.0 (Windows NT 10.0; WOW64) AppleWebKit/537.36 (KHTML, like Gecko) Chrome/56.0.2924.87 Safari/537.36"
101.226.61.206 - - [24/Feb/2017:21:38:16 +0800] "GET /admin/auth/user/17/change HTTP/1.1" 301 5 "http://182.92.209.117:2168/admin/auth/user/" "Mozilla/5.0 (Windows NT 6.1; WOW64; Trident/7.0; SLCC2; .NET CLR 2.0.50727; .NET CLR 3.5.30729; .NET CLR 3.0.30729; Media Center PC 6.0; .NET4.0C; .NET4.0E; InfoPath.3; rv:11.0) like Gecko"
101.226.61.206 - - [24/Feb/2017:21:38:16 +0800] "GET /admin/auth/user/17/change/ HTTP/1.1" 302 5 "http://182.92.209.117:2168/admin/auth/user/17/change" "Mozilla/5.0 (Windows NT 6.1; WOW64; Trident/7.0; SLCC2; .NET CLR 2.0.50727; .NET CLR 3.5.30729; .NET CLR 3.0.30729; Media Center PC 6.0; .NET4.0C; .NET4.0E; InfoPath.3; rv:11.0) like Gecko"
101.226.61.206 - - [24/Feb/2017:21:38:16 +0800] "GET /admin/login/?next=/admin/auth/user/17/change/ HTTP/1.1" 200 831 "http://182.92.209.117:2168/admin/auth/user/17/change/" "Mozilla/5.0 (Windows NT 6.1; WOW64; Trident/7.0; SLCC2; .NET CLR 2.0.50727; .NET CLR 3.5.30729; .NET CLR 3.0.30729; Media Center PC 6.0; .NET4.0C; .NET4.0E; InfoPath.3; rv:11.0) like Gecko"
180.153.214.176 - - [24/Feb/2017:21:38:18 +0800] "GET /admin/auth/user/17/password HTTP/1.1" 301 5 "http://182.92.209.117:2168/admin/auth/user/17/change/" "Mozilla/5.0 (Windows NT 6.1; WOW64) AppleWebKit/537.36 (KHTML, like Gecko) Chrome/56.0.2924.87 Safari/537.36"
180.153.214.176 - - [24/Feb/2017:21:38:18 +0800] "GET /admin/auth/user/17/password/ HTTP/1.1" 302 5 "http://182.92.209.117:2168/admin/auth/user/17/password" "Mozilla/5.0 (Windows NT 6.1; WOW64) AppleWebKit/537.36 (KHTML, like Gecko) Chrome/56.0.2924.87 Safari/537.36"
180.153.214.176 - - [24/Feb/2017:21:38:18 +0800] "GET /admin/login/?next=/admin/auth/user/17/password/ HTTP/1.1" 200 827 "http://182.92.209.117:2168/admin/auth/user/17/password/" "Mozilla/5.0 (Windows NT 6.1; WOW64) AppleWebKit/537.36 (KHTML, like Gecko) Chrome/56.0.2924.87 Safari/537.36"
113.54.252.242 - - [24/Feb/2017:21:38:19 +0800] "POST /admin/auth/user/17/password/ HTTP/1.1" 200 1384 "http://182.92.209.117:2168/admin/auth/user/17/password/" "Mozilla/5.0 (Windows NT 10.0; WOW64) AppleWebKit/537.36 (KHTML, like Gecko) Chrome/56.0.2924.87 Safari/537.36"
113.54.252.242 - - [24/Feb/2017:21:38:19 +0800] "GET /admin/jsi18n/ HTTP/1.1" 200 7157 "http://182.92.209.117:2168/admin/auth/user/17/password/" "Mozilla/5.0 (Windows NT 10.0; WOW64) AppleWebKit/537.36 (KHTML, like Gecko) Chrome/56.0.2924.87 Safari/537.36"
113.54.252.242 - - [24/Feb/2017:21:38:29 +0800] "POST /admin/auth/user/17/password/ HTTP/1.1" 302 5 "http://182.92.209.117:2168/admin/auth/user/17/password/" "Mozilla/5.0 (Windows NT 10.0; WOW64) AppleWebKit/537.36 (KHTML, like Gecko) Chrome/56.0.2924.87 Safari/537.36"
113.54.252.242 - - [24/Feb/2017:21:38:29 +0800] "GET /admin/auth/user/17/change/ HTTP/1.1" 200 4028 "http://182.92.209.117:2168/admin/auth/user/17/password/" "Mozilla/5.0 (Windows NT 10.0; WOW64) AppleWebKit/537.36 (KHTML, like Gecko) Chrome/56.0.2924.87 Safari/537.36"
113.54.252.242 - - [24/Feb/2017:21:38:29 +0800] "GET /admin/jsi18n/ HTTP/1.1" 200 7157 "http://182.92.209.117:2168/admin/auth/user/17/change/" "Mozilla/5.0 (Windows NT 10.0; WOW64) AppleWebKit/537.36 (KHTML, like Gecko) Chrome/56.0.2924.87 Safari/537.36"
113.54.252.242 - - [24/Feb/2017:21:38:36 +0800] "GET /admin/auth/user/ HTTP/1.1" 200 2697 "http://182.92.209.117:2168/admin/auth/user/17/change/" "Mozilla/5.0 (Windows NT 10.0; WOW64) AppleWebKit/537.36 (KHTML, like Gecko) Chrome/56.0.2924.87 Safari/537.36"
113.54.252.242 - - [24/Feb/2017:21:38:36 +0800] "GET /admin/jsi18n/ HTTP/1.1" 200 7157 "http://182.92.209.117:2168/admin/auth/user/" "Mozilla/5.0 (Windows NT 10.0; WOW64) AppleWebKit/537.36 (KHTML, like Gecko) Chrome/56.0.2924.87 Safari/537.36"
113.54.252.242 - - [24/Feb/2017:21:38:37 +0800] "GET /admin/auth/ HTTP/1.1" 200 957 "http://182.92.209.117:2168/admin/auth/user/" "Mozilla/5.0 (Windows NT 10.0; WOW64) AppleWebKit/537.36 (KHTML, like Gecko) Chrome/56.0.2924.87 Safari/537.36"
113.54.252.242 - - [24/Feb/2017:21:38:39 +0800] "GET /admin/ HTTP/1.1" 200 1426 "http://182.92.209.117:2168/admin/auth/" "Mozilla/5.0 (Windows NT 10.0; WOW64) AppleWebKit/537.36 (KHTML, like Gecko) Chrome/56.0.2924.87 Safari/537.36"
113.54.252.242 - - [24/Feb/2017:21:38:59 +0800] "GET /admin/ HTTP/1.1" 200 1426 "http://182.92.209.117:2168/admin/auth/" "Mozilla/5.0 (Windows NT 10.0; WOW64) AppleWebKit/537.36 (KHTML, like Gecko) Chrome/56.0.2924.87 Safari/537.36"
113.54.252.242 - - [24/Feb/2017:21:39:05 +0800] "GET /admin/logout/ HTTP/1.1" 200 682 "http://182.92.209.117:2168/admin/" "Mozilla/5.0 (Windows NT 10.0; WOW64) AppleWebKit/537.36 (KHTML, like Gecko) Chrome/56.0.2924.87 Safari/537.36"
113.54.252.242 - - [24/Feb/2017:21:39:11 +0800] "GET / HTTP/1.1" 200 340 "-" "Mozilla/5.0 (Windows NT 10.0; WOW64) AppleWebKit/537.36 (KHTML, like Gecko) Chrome/56.0.2924.87 Safari/537.36"
113.54.252.242 - - [24/Feb/2017:21:39:11 +0800] "GET /fundpart/urlpublish/?limit=5&offset=0 HTTP/1.1" 200 1299 "http://182.92.209.117:2168/" "Mozilla/5.0 (Windows NT 10.0; WOW64) AppleWebKit/537.36 (KHTML, like Gecko) Chrome/56.0.2924.87 Safari/537.36"
113.54.252.242 - - [24/Feb/2017:21:39:47 +0800] "GET /admin/ HTTP/1.1" 302 5 "-" "Mozilla/5.0 (Windows NT 10.0; WOW64) AppleWebKit/537.36 (KHTML, like Gecko) Chrome/56.0.2924.87 Safari/537.36"
113.54.252.242 - - [24/Feb/2017:21:39:47 +0800] "GET /admin/login/?next=/admin/ HTTP/1.1" 200 813 "-" "Mozilla/5.0 (Windows NT 10.0; WOW64) AppleWebKit/537.36 (KHTML, like Gecko) Chrome/56.0.2924.87 Safari/537.36"
113.54.252.242 - - [24/Feb/2017:21:39:51 +0800] "POST /admin/login/?next=/admin/ HTTP/1.1" 302 5 "http://182.92.209.117:2168/admin/login/?next=/admin/" "Mozilla/5.0 (Windows NT 10.0; WOW64) AppleWebKit/537.36 (KHTML, like Gecko) Chrome/56.0.2924.87 Safari/537.36"
113.54.252.242 - - [24/Feb/2017:21:39:51 +0800] "GET /admin/ HTTP/1.1" 200 1426 "http://182.92.209.117:2168/admin/login/?next=/admin/" "Mozilla/5.0 (Windows NT 10.0; WOW64) AppleWebKit/537.36 (KHTML, like Gecko) Chrome/56.0.2924.87 Safari/537.36"
113.54.252.242 - - [24/Feb/2017:21:39:53 +0800] "GET /admin/FundPart/userlist/ HTTP/1.1" 200 1928 "http://182.92.209.117:2168/admin/" "Mozilla/5.0 (Windows NT 10.0; WOW64) AppleWebKit/537.36 (KHTML, like Gecko) Chrome/56.0.2924.87 Safari/537.36"
113.54.252.242 - - [24/Feb/2017:21:39:53 +0800] "GET /admin/jsi18n/ HTTP/1.1" 200 7157 "http://182.92.209.117:2168/admin/FundPart/userlist/" "Mozilla/5.0 (Windows NT 10.0; WOW64) AppleWebKit/537.36 (KHTML, like Gecko) Chrome/56.0.2924.87 Safari/537.36"
113.54.252.242 - - [24/Feb/2017:21:39:55 +0800] "GET /admin/FundPart/userlist/22/change/ HTTP/1.1" 200 4018 "http://182.92.209.117:2168/admin/FundPart/userlist/" "Mozilla/5.0 (Windows NT 10.0; WOW64) AppleWebKit/537.36 (KHTML, like Gecko) Chrome/56.0.2924.87 Safari/537.36"
113.54.252.242 - - [24/Feb/2017:21:39:55 +0800] "GET /admin/jsi18n/ HTTP/1.1" 200 7157 "http://182.92.209.117:2168/admin/FundPart/userlist/22/change/" "Mozilla/5.0 (Windows NT 10.0; WOW64) AppleWebKit/537.36 (KHTML, like Gecko) Chrome/56.0.2924.87 Safari/537.36"
113.54.252.242 - - [24/Feb/2017:21:39:59 +0800] "GET /admin/password_change/ HTTP/1.1" 200 1210 "http://182.92.209.117:2168/admin/FundPart/userlist/22/change/" "Mozilla/5.0 (Windows NT 10.0; WOW64) AppleWebKit/537.36 (KHTML, like Gecko) Chrome/56.0.2924.87 Safari/537.36"
101.226.66.192 - - [24/Feb/2017:21:40:04 +0800] "GET /admin/FundPart/userlist/22/change HTTP/1.1" 301 5 "http://182.92.209.117:2168/admin/FundPart/userlist/" "Mozilla/5.0 (Windows NT 6.1; WOW64) AppleWebKit/537.36 (KHTML, like Gecko) Chrome/43.0.2357.124 Safari/537.36"
101.226.66.192 - - [24/Feb/2017:21:40:04 +0800] "GET /admin/FundPart/userlist/22/change/ HTTP/1.1" 302 5 "http://182.92.209.117:2168/admin/FundPart/userlist/22/change" "Mozilla/5.0 (Windows NT 6.1; WOW64) AppleWebKit/537.36 (KHTML, like Gecko) Chrome/43.0.2357.124 Safari/537.36"
101.226.66.192 - - [24/Feb/2017:21:40:04 +0800] "GET /admin/login/?next=/admin/FundPart/userlist/22/change/ HTTP/1.1" 200 839 "http://182.92.209.117:2168/admin/FundPart/userlist/22/change/" "Mozilla/5.0 (Windows NT 6.1; WOW64) AppleWebKit/537.36 (KHTML, like Gecko) Chrome/43.0.2357.124 Safari/537.36"
113.54.252.242 - - [24/Feb/2017:21:40:17 +0800] "POST /admin/password_change/ HTTP/1.1" 200 1282 "http://182.92.209.117:2168/admin/password_change/" "Mozilla/5.0 (Windows NT 10.0; WOW64) AppleWebKit/537.36 (KHTML, like Gecko) Chrome/56.0.2924.87 Safari/537.36"
113.54.252.242 - - [24/Feb/2017:21:40:35 +0800] "POST /admin/password_change/ HTTP/1.1" 200 1282 "http://182.92.209.117:2168/admin/password_change/" "Mozilla/5.0 (Windows NT 10.0; WOW64) AppleWebKit/537.36 (KHTML, like Gecko) Chrome/56.0.2924.87 Safari/537.36"
113.54.252.242 - - [24/Feb/2017:21:40:39 +0800] "GET /admin/ HTTP/1.1" 200 1426 "http://182.92.209.117:2168/admin/password_change/" "Mozilla/5.0 (Windows NT 10.0; WOW64) AppleWebKit/537.36 (KHTML, like Gecko) Chrome/56.0.2924.87 Safari/537.36"
113.54.252.242 - - [24/Feb/2017:21:40:43 +0800] "GET /admin/FundPart/userlist/ HTTP/1.1" 200 1928 "http://182.92.209.117:2168/admin/" "Mozilla/5.0 (Windows NT 10.0; WOW64) AppleWebKit/537.36 (KHTML, like Gecko) Chrome/56.0.2924.87 Safari/537.36"
113.54.252.242 - - [24/Feb/2017:21:40:43 +0800] "GET /admin/jsi18n/ HTTP/1.1" 200 7157 "http://182.92.209.117:2168/admin/FundPart/userlist/" "Mozilla/5.0 (Windows NT 10.0; WOW64) AppleWebKit/537.36 (KHTML, like Gecko) Chrome/56.0.2924.87 Safari/537.36"
113.54.252.242 - - [24/Feb/2017:21:40:46 +0800] "GET /admin/FundPart/userlist/19/change/ HTTP/1.1" 200 4019 "http://182.92.209.117:2168/admin/FundPart/userlist/" "Mozilla/5.0 (Windows NT 10.0; WOW64) AppleWebKit/537.36 (KHTML, like Gecko) Chrome/56.0.2924.87 Safari/537.36"
113.54.252.242 - - [24/Feb/2017:21:40:46 +0800] "GET /admin/jsi18n/ HTTP/1.1" 200 7157 "http://182.92.209.117:2168/admin/FundPart/userlist/19/change/" "Mozilla/5.0 (Windows NT 10.0; WOW64) AppleWebKit/537.36 (KHTML, like Gecko) Chrome/56.0.2924.87 Safari/537.36"
113.54.252.242 - - [24/Feb/2017:21:40:48 +0800] "GET /admin/FundPart/userlist/ HTTP/1.1" 200 1928 "http://182.92.209.117:2168/admin/" "Mozilla/5.0 (Windows NT 10.0; WOW64) AppleWebKit/537.36 (KHTML, like Gecko) Chrome/56.0.2924.87 Safari/537.36"
101.226.65.105 - - [24/Feb/2017:21:40:56 +0800] "GET /admin/FundPart/userlist/19/change HTTP/1.1" 301 5 "http://182.92.209.117:2168/admin/FundPart/userlist/" "Mozilla/5.0 (Windows NT 6.1; WOW64) AppleWebKit/537.36 (KHTML, like Gecko) Chrome/43.0.2357.124 Safari/537.36"
101.226.65.105 - - [24/Feb/2017:21:40:56 +0800] "GET /admin/FundPart/userlist/19/change/ HTTP/1.1" 302 5 "http://182.92.209.117:2168/admin/FundPart/userlist/19/change" "Mozilla/5.0 (Windows NT 6.1; WOW64) AppleWebKit/537.36 (KHTML, like Gecko) Chrome/43.0.2357.124 Safari/537.36"
101.226.65.105 - - [24/Feb/2017:21:40:56 +0800] "GET /admin/login/?next=/admin/FundPart/userlist/19/change/ HTTP/1.1" 200 840 "http://182.92.209.117:2168/admin/FundPart/userlist/19/change/" "Mozilla/5.0 (Windows NT 6.1; WOW64) AppleWebKit/537.36 (KHTML, like Gecko) Chrome/43.0.2357.124 Safari/537.36"
113.54.252.242 - - [24/Feb/2017:21:40:58 +0800] "GET /admin/FundPart/ HTTP/1.1" 200 984 "http://182.92.209.117:2168/admin/FundPart/userlist/" "Mozilla/5.0 (Windows NT 10.0; WOW64) AppleWebKit/537.36 (KHTML, like Gecko) Chrome/56.0.2924.87 Safari/537.36"
113.54.252.242 - - [24/Feb/2017:21:41:02 +0800] "GET /admin/ HTTP/1.1" 200 1426 "http://182.92.209.117:2168/admin/FundPart/" "Mozilla/5.0 (Windows NT 10.0; WOW64) AppleWebKit/537.36 (KHTML, like Gecko) Chrome/56.0.2924.87 Safari/537.36"
113.54.252.242 - - [24/Feb/2017:21:41:04 +0800] "GET /admin/auth/user/ HTTP/1.1" 200 2693 "http://182.92.209.117:2168/admin/" "Mozilla/5.0 (Windows NT 10.0; WOW64) AppleWebKit/537.36 (KHTML, like Gecko) Chrome/56.0.2924.87 Safari/537.36"
113.54.252.242 - - [24/Feb/2017:21:41:04 +0800] "GET /admin/jsi18n/ HTTP/1.1" 200 7157 "http://182.92.209.117:2168/admin/auth/user/" "Mozilla/5.0 (Windows NT 10.0; WOW64) AppleWebKit/537.36 (KHTML, like Gecko) Chrome/56.0.2924.87 Safari/537.36"
113.54.252.242 - - [24/Feb/2017:21:41:14 +0800] "GET /admin/auth/user/22/change/ HTTP/1.1" 200 3964 "http://182.92.209.117:2168/admin/auth/user/" "Mozilla/5.0 (Windows NT 10.0; WOW64) AppleWebKit/537.36 (KHTML, like Gecko) Chrome/56.0.2924.87 Safari/537.36"
113.54.252.242 - - [24/Feb/2017:21:41:14 +0800] "GET /admin/jsi18n/ HTTP/1.1" 200 7157 "http://182.92.209.117:2168/admin/auth/user/22/change/" "Mozilla/5.0 (Windows NT 10.0; WOW64) AppleWebKit/537.36 (KHTML, like Gecko) Chrome/56.0.2924.87 Safari/537.36"
113.54.252.242 - - [24/Feb/2017:21:41:19 +0800] "GET /admin/auth/user/22/password/ HTTP/1.1" 200 1298 "http://182.92.209.117:2168/admin/auth/user/22/change/" "Mozilla/5.0 (Windows NT 10.0; WOW64) AppleWebKit/537.36 (KHTML, like Gecko) Chrome/56.0.2924.87 Safari/537.36"
113.54.252.242 - - [24/Feb/2017:21:41:19 +0800] "GET /admin/jsi18n/ HTTP/1.1" 200 7157 "http://182.92.209.117:2168/admin/auth/user/22/password/" "Mozilla/5.0 (Windows NT 10.0; WOW64) AppleWebKit/537.36 (KHTML, like Gecko) Chrome/56.0.2924.87 Safari/537.36"
113.54.252.242 - - [24/Feb/2017:21:41:29 +0800] "POST /admin/auth/user/22/password/ HTTP/1.1" 302 5 "http://182.92.209.117:2168/admin/auth/user/22/password/" "Mozilla/5.0 (Windows NT 10.0; WOW64) AppleWebKit/537.36 (KHTML, like Gecko) Chrome/56.0.2924.87 Safari/537.36"
113.54.252.242 - - [24/Feb/2017:21:41:29 +0800] "GET /admin/auth/user/22/change/ HTTP/1.1" 200 4026 "http://182.92.209.117:2168/admin/auth/user/22/password/" "Mozilla/5.0 (Windows NT 10.0; WOW64) AppleWebKit/537.36 (KHTML, like Gecko) Chrome/56.0.2924.87 Safari/537.36"
113.54.252.242 - - [24/Feb/2017:21:41:29 +0800] "GET /admin/jsi18n/ HTTP/1.1" 200 7157 "http://182.92.209.117:2168/admin/auth/user/22/change/" "Mozilla/5.0 (Windows NT 10.0; WOW64) AppleWebKit/537.36 (KHTML, like Gecko) Chrome/56.0.2924.87 Safari/537.36"
113.54.252.242 - - [24/Feb/2017:21:42:26 +0800] "POST /admin/auth/user/22/change/ HTTP/1.1" 302 5 "http://182.92.209.117:2168/admin/auth/user/22/change/" "Mozilla/5.0 (Windows NT 10.0; WOW64) AppleWebKit/537.36 (KHTML, like Gecko) Chrome/56.0.2924.87 Safari/537.36"
113.54.252.242 - - [24/Feb/2017:21:42:27 +0800] "GET /admin/auth/user/ HTTP/1.1" 200 2737 "http://182.92.209.117:2168/admin/auth/user/22/change/" "Mozilla/5.0 (Windows NT 10.0; WOW64) AppleWebKit/537.36 (KHTML, like Gecko) Chrome/56.0.2924.87 Safari/537.36"
113.54.252.242 - - [24/Feb/2017:21:42:27 +0800] "GET /admin/jsi18n/ HTTP/1.1" 200 7157 "http://182.92.209.117:2168/admin/auth/user/" "Mozilla/5.0 (Windows NT 10.0; WOW64) AppleWebKit/537.36 (KHTML, like Gecko) Chrome/56.0.2924.87 Safari/537.36"
113.54.252.242 - - [24/Feb/2017:21:45:07 +0800] "GET / HTTP/1.1" 200 340 "-" "Mozilla/5.0 (Windows NT 10.0; WOW64; Trident/7.0; rv:11.0) like Gecko"
113.54.252.242 - - [24/Feb/2017:21:45:08 +0800] "GET /static/css/main.6e95fba1.css HTTP/1.1" 200 14318 "http://182.92.209.117:2168/" "Mozilla/5.0 (Windows NT 10.0; WOW64; Trident/7.0; rv:11.0) like Gecko"
113.54.252.242 - - [24/Feb/2017:21:45:08 +0800] "GET /static/js/main.55cf981a.js HTTP/1.1" 200 533461 "http://182.92.209.117:2168/" "Mozilla/5.0 (Windows NT 10.0; WOW64; Trident/7.0; rv:11.0) like Gecko"
113.54.252.242 - - [24/Feb/2017:21:45:11 +0800] "GET /fundpart/urlpublish/?limit=5&offset=0 HTTP/1.1" 200 1299 "http://182.92.209.117:2168/" "Mozilla/5.0 (Windows NT 10.0; WOW64; Trident/7.0; rv:11.0) like Gecko"
210.41.101.75 - - [24/Feb/2017:21:45:11 +0800] "GET / HTTP/1.1" 200 340 "-" "Mozilla/5.0 (Windows NT 10.0; WOW64) AppleWebKit/537.36 (KHTML, like Gecko) Chrome/56.0.2924.87 Safari/537.36"
113.54.252.242 - - [24/Feb/2017:21:45:11 +0800] "GET /favicon.ico HTTP/1.1" 404 990 "-" "Mozilla/5.0 (Windows NT 10.0; Win64; x64; Trident/7.0; rv:11.0) like Gecko"
210.41.101.75 - - [24/Feb/2017:21:45:11 +0800] "GET /static/css/main.6e95fba1.css HTTP/1.1" 200 14318 "http://182.92.209.117:2168/" "Mozilla/5.0 (Windows NT 10.0; WOW64) AppleWebKit/537.36 (KHTML, like Gecko) Chrome/56.0.2924.87 Safari/537.36"
210.41.101.75 - - [24/Feb/2017:21:45:12 +0800] "GET /static/js/main.55cf981a.js HTTP/1.1" 200 533461 "http://182.92.209.117:2168/" "Mozilla/5.0 (Windows NT 10.0; WOW64) AppleWebKit/537.36 (KHTML, like Gecko) Chrome/56.0.2924.87 Safari/537.36"
210.41.101.75 - - [24/Feb/2017:21:45:15 +0800] "GET /fundpart/urlpublish/?limit=5&offset=0 HTTP/1.1" 200 1299 "http://182.92.209.117:2168/" "Mozilla/5.0 (Windows NT 10.0; WOW64) AppleWebKit/537.36 (KHTML, like Gecko) Chrome/56.0.2924.87 Safari/537.36"
210.41.101.75 - - [24/Feb/2017:21:45:15 +0800] "GET /favicon.ico HTTP/1.1" 404 990 "http://182.92.209.117:2168/" "Mozilla/5.0 (Windows NT 10.0; WOW64) AppleWebKit/537.36 (KHTML, like Gecko) Chrome/56.0.2924.87 Safari/537.36"
210.41.101.75 - - [24/Feb/2017:21:45:33 +0800] "GET /fundpart/urlpublish/?limit=5&offset=0 HTTP/1.1" 200 1299 "http://182.92.209.117:2168/sourcelist" "Mozilla/5.0 (Windows NT 10.0; WOW64) AppleWebKit/537.36 (KHTML, like Gecko) Chrome/56.0.2924.87 Safari/537.36"
113.54.252.242 - - [24/Feb/2017:21:45:34 +0800] "GET /login HTTP/1.1" 404 986 "http://182.92.209.117:2168/" "Mozilla/5.0 (Windows NT 10.0; WOW64; Trident/7.0; rv:11.0) like Gecko"
210.41.101.75 - - [24/Feb/2017:21:45:34 +0800] "GET /fundpart/urlpublish/66 HTTP/1.1" 301 5 "http://182.92.209.117:2168/source/66" "Mozilla/5.0 (Windows NT 10.0; WOW64) AppleWebKit/537.36 (KHTML, like Gecko) Chrome/56.0.2924.87 Safari/537.36"
210.41.101.75 - - [24/Feb/2017:21:45:34 +0800] "GET /fundpart/urlcomment/?comment1=66 HTTP/1.1" 200 144 "http://182.92.209.117:2168/source/66" "Mozilla/5.0 (Windows NT 10.0; WOW64) AppleWebKit/537.36 (KHTML, like Gecko) Chrome/56.0.2924.87 Safari/537.36"
210.41.101.75 - - [24/Feb/2017:21:45:34 +0800] "GET /fundpart/urlpublish/66/ HTTP/1.1" 200 253 "http://182.92.209.117:2168/source/66" "Mozilla/5.0 (Windows NT 10.0; WOW64) AppleWebKit/537.36 (KHTML, like Gecko) Chrome/56.0.2924.87 Safari/537.36"
210.41.101.75 - - [24/Feb/2017:21:45:34 +0800] "GET /fundpart/users/ HTTP/1.1" 200 4275 "http://182.92.209.117:2168/source/66" "Mozilla/5.0 (Windows NT 10.0; WOW64) AppleWebKit/537.36 (KHTML, like Gecko) Chrome/56.0.2924.87 Safari/537.36"
113.54.252.242 - - [24/Feb/2017:21:45:37 +0800] "GET /fundpart/urlpublish/?limit=5&offset=0 HTTP/1.1" 200 1299 "http://182.92.209.117:2168/" "Mozilla/5.0 (Windows NT 10.0; WOW64; Trident/7.0; rv:11.0) like Gecko"
113.54.252.242 - - [24/Feb/2017:21:45:37 +0800] "GET /favicon.ico HTTP/1.1" 404 990 "-" "Mozilla/5.0 (Windows NT 10.0; Win64; x64; Trident/7.0; rv:11.0) like Gecko"
121.49.113.97 - - [24/Feb/2017:21:45:41 +0800] "GET / HTTP/1.1" 200 340 "-" "Mozilla/5.0 (iPhone; CPU iPhone OS 10_2_1 like Mac OS X) AppleWebKit/602.4.6 (KHTML, like Gecko) Mobile/14D27 QQ/6.6.9.412 V1_IPH_SQ_6.6.9_1_APP_A Pixel/750 Core/UIWebView NetType/WIFI"
121.49.113.97 - - [24/Feb/2017:21:45:41 +0800] "GET /static/css/main.6e95fba1.css HTTP/1.1" 200 14318 "http://182.92.209.117:2168/" "Mozilla/5.0 (iPhone; CPU iPhone OS 10_2_1 like Mac OS X) AppleWebKit/602.4.6 (KHTML, like Gecko) Mobile/14D27 QQ/6.6.9.412 V1_IPH_SQ_6.6.9_1_APP_A Pixel/750 Core/UIWebView NetType/WIFI"
121.49.113.97 - - [24/Feb/2017:21:45:41 +0800] "GET /static/js/main.55cf981a.js HTTP/1.1" 200 533461 "http://182.92.209.117:2168/" "Mozilla/5.0 (iPhone; CPU iPhone OS 10_2_1 like Mac OS X) AppleWebKit/602.4.6 (KHTML, like Gecko) Mobile/14D27 QQ/6.6.9.412 V1_IPH_SQ_6.6.9_1_APP_A Pixel/750 Core/UIWebView NetType/WIFI"
210.41.101.75 - - [24/Feb/2017:21:45:41 +0800] "GET /source/66 HTTP/1.1" 404 990 "-" "Mozilla/5.0 (Windows NT 10.0; WOW64) AppleWebKit/537.36 (KHTML, like Gecko) Chrome/56.0.2924.87 Safari/537.36"
101.226.33.239 - - [24/Feb/2017:21:45:44 +0800] "GET /login HTTP/1.1" 404 986 "http://182.92.209.117:2168/" "Mozilla/5.0 (Windows NT 6.1; WOW64; rv:50.0) Gecko/20100101 Firefox/50.0"
121.49.113.97 - - [24/Feb/2017:21:45:44 +0800] "GET /fundpart/urlpublish/?limit=5&offset=0 HTTP/1.1" 200 1299 "http://182.92.209.117:2168/" "Mozilla/5.0 (iPhone; CPU iPhone OS 10_2_1 like Mac OS X) AppleWebKit/602.4.6 (KHTML, like Gecko) Mobile/14D27 QQ/6.6.9.412 V1_IPH_SQ_6.6.9_1_APP_A Pixel/750 Core/UIWebView NetType/WIFI"
180.153.205.253 - - [24/Feb/2017:21:45:48 +0800] "GET /new HTTP/1.1" 404 985 "-" "Mozilla/5.0 (Windows NT 6.1; WOW64) AppleWebKit/537.36 (KHTML, like Gecko) Chrome/45.0.2454.101 Safari/537.36"
210.41.101.75 - - [24/Feb/2017:21:45:54 +0800] "GET / HTTP/1.1" 200 340 "-" "Mozilla/5.0 (Windows NT 10.0; WOW64) AppleWebKit/537.36 (KHTML, like Gecko) Chrome/56.0.2924.87 Safari/537.36"
210.41.101.75 - - [24/Feb/2017:21:45:54 +0800] "GET /fundpart/urlpublish/?limit=5&offset=0 HTTP/1.1" 200 1299 "http://182.92.209.117:2168/" "Mozilla/5.0 (Windows NT 10.0; WOW64) AppleWebKit/537.36 (KHTML, like Gecko) Chrome/56.0.2924.87 Safari/537.36"
121.49.113.97 - - [24/Feb/2017:21:45:56 +0800] "GET /fundpart/urlcomment/?comment1=62 HTTP/1.1" 200 63 "http://182.92.209.117:2168/source/62" "Mozilla/5.0 (iPhone; CPU iPhone OS 10_2_1 like Mac OS X) AppleWebKit/602.4.6 (KHTML, like Gecko) Mobile/14D27 QQ/6.6.9.412 V1_IPH_SQ_6.6.9_1_APP_A Pixel/750 Core/UIWebView NetType/WIFI"
121.49.113.97 - - [24/Feb/2017:21:45:56 +0800] "GET /fundpart/urlpublish/62 HTTP/1.1" 301 5 "http://182.92.209.117:2168/source/62" "Mozilla/5.0 (iPhone; CPU iPhone OS 10_2_1 like Mac OS X) AppleWebKit/602.4.6 (KHTML, like Gecko) Mobile/14D27 QQ/6.6.9.412 V1_IPH_SQ_6.6.9_1_APP_A Pixel/750 Core/UIWebView NetType/WIFI"
121.49.113.97 - - [24/Feb/2017:21:45:56 +0800] "GET /fundpart/urlpublish/62/ HTTP/1.1" 200 230 "http://182.92.209.117:2168/source/62" "Mozilla/5.0 (iPhone; CPU iPhone OS 10_2_1 like Mac OS X) AppleWebKit/602.4.6 (KHTML, like Gecko) Mobile/14D27 QQ/6.6.9.412 V1_IPH_SQ_6.6.9_1_APP_A Pixel/750 Core/UIWebView NetType/WIFI"
121.49.113.97 - - [24/Feb/2017:21:45:57 +0800] "GET /fundpart/users/ HTTP/1.1" 200 4275 "http://182.92.209.117:2168/source/62" "Mozilla/5.0 (iPhone; CPU iPhone OS 10_2_1 like Mac OS X) AppleWebKit/602.4.6 (KHTML, like Gecko) Mobile/14D27 QQ/6.6.9.412 V1_IPH_SQ_6.6.9_1_APP_A Pixel/750 Core/UIWebView NetType/WIFI"
210.41.101.75 - - [24/Feb/2017:21:45:59 +0800] "GET /fundpart/users/6 HTTP/1.1" 301 5 "http://182.92.209.117:2168/user/6" "Mozilla/5.0 (Windows NT 10.0; WOW64) AppleWebKit/537.36 (KHTML, like Gecko) Chrome/56.0.2924.87 Safari/537.36"
210.41.101.75 - - [24/Feb/2017:21:45:59 +0800] "GET /fundpart/users/6/ HTTP/1.1" 200 1962 "http://182.92.209.117:2168/user/6" "Mozilla/5.0 (Windows NT 10.0; WOW64) AppleWebKit/537.36 (KHTML, like Gecko) Chrome/56.0.2924.87 Safari/537.36"
121.49.113.97 - - [24/Feb/2017:21:46:03 +0800] "GET / HTTP/1.1" 200 340 "-" "Mozilla/5.0 (iPhone; CPU iPhone OS 10_2_1 like Mac OS X) AppleWebKit/602.4.6 (KHTML, like Gecko) Mobile/14D27 QQ/6.6.9.412 V1_IPH_SQ_6.6.9_1_APP_A Pixel/750 Core/UIWebView NetType/WIFI"
121.49.113.97 - - [24/Feb/2017:21:46:03 +0800] "GET /fundpart/urlpublish/?limit=5&offset=0 HTTP/1.1" 200 1299 "http://182.92.209.117:2168/" "Mozilla/5.0 (iPhone; CPU iPhone OS 10_2_1 like Mac OS X) AppleWebKit/602.4.6 (KHTML, like Gecko) Mobile/14D27 QQ/6.6.9.412 V1_IPH_SQ_6.6.9_1_APP_A Pixel/750 Core/UIWebView NetType/WIFI"
121.49.113.97 - - [24/Feb/2017:21:46:10 +0800] "GET /fundpart/urlpublish/?limit=5&offset=0 HTTP/1.1" 200 1299 "http://182.92.209.117:2168/sourcelist" "Mozilla/5.0 (iPhone; CPU iPhone OS 10_2_1 like Mac OS X) AppleWebKit/602.4.6 (KHTML, like Gecko) Mobile/14D27 QQ/6.6.9.412 V1_IPH_SQ_6.6.9_1_APP_A Pixel/750 Core/UIWebView NetType/WIFI"
210.41.101.75 - - [24/Feb/2017:21:46:10 +0800] "GET /fundpart/urlpublish/?limit=5&offset=0 HTTP/1.1" 200 1299 "http://182.92.209.117:2168/" "Mozilla/5.0 (Windows NT 10.0; WOW64) AppleWebKit/537.36 (KHTML, like Gecko) Chrome/56.0.2924.87 Safari/537.36"
